=== Eight Rock Autopilot start Thu 07/30/2026 15:47:10.24 === 
branch 'main' set up to track 'origin/main'.
Your branch is up to date with 'origin/main'.
Reset branch 'main'
autopilot update: code at origin/main
Resolved 109 packages in 1ms
Checked 107 packages in 11ms
[discover] exit 0 -> discover-latest.txt
[publish] pushed to GitHub
[pull] exit 0 -> pull-latest.txt
[publish] pushed to GitHub
[phase0] exit 0 -> phase0-latest.txt
[publish] pushed to GitHub
[preflight] exit 0 -> cutover-preflight.txt
[publish] pushed to GitHub
[publish] pushed to GitHub
[cycle] CLEAN (steps [0, 0, 0, 0], published=True)
[schedule] nightly 3:00 AM (clean cycle achieved) (wake+catchup, exit 0)
=== Eight Rock Autopilot end Thu 07/30/2026 16:18:46.20 === 
=== Eight Rock Autopilot start Thu 07/30/2026 16:52:33.14 === 
branch 'main' set up to track 'origin/main'.
Your branch is up to date with 'origin/main'.
Reset branch 'main'
autopilot update: code at origin/main
Resolved 109 packages in 1ms
Checked 107 packages in 10ms
[discover] exit 0 -> discover-latest.txt
[publish] pushed to GitHub
[pull] exit 0 -> pull-latest.txt
